🚨 `attention_mask_4d` is part of Qwen2_5_VLModel.forward's signature, but not documented. Make sure to add it to the docstring of the function in /mnt/ssd/Projects/visual-latents/phase0_monet_probe/monet_model/modeling_qwen2_5_vl_monet.py.
🚨 `latent_mode` is part of Qwen2_5_VLModel.forward's signature, but not documented. Make sure to add it to the docstring of the function in /mnt/ssd/Projects/visual-latents/phase0_monet_probe/monet_model/modeling_qwen2_5_vl_monet.py.
🚨 `alignment_poss` is part of Qwen2_5_VLModel.forward's signature, but not documented. Make sure to add it to the docstring of the function in /mnt/ssd/Projects/visual-latents/phase0_monet_probe/monet_model/modeling_qwen2_5_vl_monet.py.
🚨 `teacher_hidden_states_for_alignment` is part of Qwen2_5_VLModel.forward's signature, but not documented. Make sure to add it to the docstring of the function in /mnt/ssd/Projects/visual-latents/phase0_monet_probe/monet_model/modeling_qwen2_5_vl_monet.py.
🚨 `ce_patch_pos` is part of Qwen2_5_VLModel.forward's signature, but not documented. Make sure to add it to the docstring of the function in /mnt/ssd/Projects/visual-latents/phase0_monet_probe/monet_model/modeling_qwen2_5_vl_monet.py.
🚨 `ce_patch_vec` is part of Qwen2_5_VLModel.forward's signature, but not documented. Make sure to add it to the docstring of the function in /mnt/ssd/Projects/visual-latents/phase0_monet_probe/monet_model/modeling_qwen2_5_vl_monet.py.
🚨 `attention_mask_4d` is part of Qwen2_5_VLForConditionalGeneration.forward's signature, but not documented. Make sure to add it to the docstring of the function in /mnt/ssd/Projects/visual-latents/phase0_monet_probe/monet_model/modeling_qwen2_5_vl_monet.py.
🚨 `alignment_poss` is part of Qwen2_5_VLForConditionalGeneration.forward's signature, but not documented. Make sure to add it to the docstring of the function in /mnt/ssd/Projects/visual-latents/phase0_monet_probe/monet_model/modeling_qwen2_5_vl_monet.py.
🚨 `latent_mode` is part of Qwen2_5_VLForConditionalGeneration.forward's signature, but not documented. Make sure to add it to the docstring of the function in /mnt/ssd/Projects/visual-latents/phase0_monet_probe/monet_model/modeling_qwen2_5_vl_monet.py.
🚨 `teacher_hidden_states_for_alignment` is part of Qwen2_5_VLForConditionalGeneration.forward's signature, but not documented. Make sure to add it to the docstring of the function in /mnt/ssd/Projects/visual-latents/phase0_monet_probe/monet_model/modeling_qwen2_5_vl_monet.py.
🚨 `ce_patch_pos` is part of Qwen2_5_VLForConditionalGeneration.forward's signature, but not documented. Make sure to add it to the docstring of the function in /mnt/ssd/Projects/visual-latents/phase0_monet_probe/monet_model/modeling_qwen2_5_vl_monet.py.
🚨 `ce_patch_vec` is part of Qwen2_5_VLForConditionalGeneration.forward's signature, but not documented. Make sure to add it to the docstring of the function in /mnt/ssd/Projects/visual-latents/phase0_monet_probe/monet_model/modeling_qwen2_5_vl_monet.py.
🚨 `ce_emphasize_factor` is part of Qwen2_5_VLForConditionalGeneration.forward's signature, but not documented. Make sure to add it to the docstring of the function in /mnt/ssd/Projects/visual-latents/phase0_monet_probe/monet_model/modeling_qwen2_5_vl_monet.py.
🚨 `ce_emphasize_poss` is part of Qwen2_5_VLForConditionalGeneration.forward's signature, but not documented. Make sure to add it to the docstring of the function in /mnt/ssd/Projects/visual-latents/phase0_monet_probe/monet_model/modeling_qwen2_5_vl_monet.py.
🚨 `loss_type` is part of Qwen2_5_VLForConditionalGeneration.forward's signature, but not documented. Make sure to add it to the docstring of the function in /mnt/ssd/Projects/visual-latents/phase0_monet_probe/monet_model/modeling_qwen2_5_vl_monet.py.
🚨 `output_latent_embeds` is part of Qwen2_5_VLForConditionalGeneration.forward's signature, but not documented. Make sure to add it to the docstring of the function in /mnt/ssd/Projects/visual-latents/phase0_monet_probe/monet_model/modeling_qwen2_5_vl_monet.py.
🚨 `compute_emphasize_acc` is part of Qwen2_5_VLForConditionalGeneration.forward's signature, but not documented. Make sure to add it to the docstring of the function in /mnt/ssd/Projects/visual-latents/phase0_monet_probe/monet_model/modeling_qwen2_5_vl_monet.py.
[student] stage=stage3 subset=Zebra_CoT_count n=100
[student] model=/mnt/ssd/Projects/visual-latents/phase0_monet_probe/checkpoints/Monet-SFT-7B/stage3
[student] tokens: <abs_vis_token>=151666 </abs_vis_token>=151667 <abs_vis_token_pad>=151665
[student] loading model (bf16, cuda)
Loading checkpoint shards:   0%|          | 0/4 [00:00<?, ?it/s]Loading checkpoint shards: 100%|██████████| 4/4 [00:00<00:00, 134.77it/s]
[student] Zebra_CoT_count/train.json has 2766 rows
[student] accepted=100  skipped=0
  [done 1/100] sid=1632 latent=(56, 3584) elapsed=4.2s
  [done 5/100] sid=2375 latent=(64, 3584) elapsed=17.0s
  [done 10/100] sid=2850 latent=(16, 3584) elapsed=30.0s
  [done 15/100] sid=1607 latent=(56, 3584) elapsed=45.2s
  [done 20/100] sid=2328 latent=(40, 3584) elapsed=59.9s
  [done 25/100] sid=1164 latent=(48, 3584) elapsed=75.8s
  [done 30/100] sid=899 latent=(24, 3584) elapsed=87.9s
  [done 35/100] sid=2435 latent=(16, 3584) elapsed=100.3s
  [done 40/100] sid=1152 latent=(24, 3584) elapsed=111.6s
  [done 45/100] sid=2155 latent=(48, 3584) elapsed=125.1s
  [done 50/100] sid=2786 latent=(32, 3584) elapsed=141.9s
  [done 55/100] sid=1082 latent=(56, 3584) elapsed=157.6s
  [done 60/100] sid=1237 latent=(48, 3584) elapsed=173.5s
  [done 65/100] sid=1059 latent=(64, 3584) elapsed=189.1s
  [done 70/100] sid=1057 latent=(40, 3584) elapsed=204.0s
  [done 75/100] sid=2688 latent=(56, 3584) elapsed=219.3s
  [done 80/100] sid=1694 latent=(24, 3584) elapsed=233.1s
  [done 85/100] sid=893 latent=(48, 3584) elapsed=241.3s
  [done 90/100] sid=2631 latent=(32, 3584) elapsed=250.8s
  [done 95/100] sid=2109 latent=(48, 3584) elapsed=266.5s
  [done 100/100] sid=925 latent=(32, 3584) elapsed=279.5s
[student] done. saved=100  failed=0  elapsed=279.5s
