[student] stage=stage2 subset=Visual_CoT n=100
[student] model=/mnt/ssd/Projects/visual-latents/phase0_monet_probe/checkpoints/Monet-SFT-7B/stage2
[student] tokens: <abs_vis_token>=151666 </abs_vis_token>=151667 <abs_vis_token_pad>=151665
[student] loading model (bf16, cuda)
Loading checkpoint shards:   0%|          | 0/4 [00:00<?, ?it/s]Loading checkpoint shards: 100%|██████████| 4/4 [00:00<00:00, 134.03it/s]
[student] Visual_CoT/train.json has 118561 rows
[student] accepted=100  skipped=0
  [done 1/100] sid=117359 latent=(8, 3584) elapsed=0.6s
  [done 5/100] sid=118069 latent=(8, 3584) elapsed=1.9s
  [done 10/100] sid=118520 latent=(8, 3584) elapsed=3.5s
  [done 15/100] sid=117334 latent=(8, 3584) elapsed=5.1s
  [done 20/100] sid=118022 latent=(8, 3584) elapsed=7.0s
  [done 25/100] sid=116916 latent=(8, 3584) elapsed=8.7s
  [done 30/100] sid=116661 latent=(8, 3584) elapsed=10.4s
  [done 35/100] sid=118128 latent=(8, 3584) elapsed=12.0s
  [done 40/100] sid=116906 latent=(8, 3584) elapsed=13.6s
  [done 45/100] sid=117857 latent=(8, 3584) elapsed=15.4s
  [done 50/100] sid=118456 latent=(8, 3584) elapsed=17.0s
  [done 55/100] sid=116840 latent=(8, 3584) elapsed=18.7s
  [done 60/100] sid=116986 latent=(8, 3584) elapsed=20.5s
  [done 65/100] sid=116817 latent=(8, 3584) elapsed=22.1s
  [done 70/100] sid=116815 latent=(8, 3584) elapsed=23.9s
  [done 75/100] sid=118367 latent=(8, 3584) elapsed=25.6s
  [done 80/100] sid=117419 latent=(8, 3584) elapsed=27.2s
  [done 85/100] sid=116655 latent=(8, 3584) elapsed=28.8s
  [done 90/100] sid=118313 latent=(8, 3584) elapsed=30.5s
  [done 95/100] sid=117813 latent=(8, 3584) elapsed=32.0s
  [done 100/100] sid=116686 latent=(8, 3584) elapsed=33.6s
[student] done. saved=100  failed=0  elapsed=33.6s
